2023-04-10 13:40:03,740:INFO:Navigated to URL: https://automationexercise.com/
2023-04-10 13:40:03,740:INFO:Navigated to the Login Button
2023-04-10 13:40:04,401:INFO:Clicked on the Signup / Login Button
2023-04-10 13:40:04,401:INFO:Navigating the Login Page
2023-04-10 13:40:04,401:INFO:Logging into the Website using Credentials
2023-04-10 13:40:04,529:INFO:Set the text for the email field
2023-04-10 13:40:04,625:INFO:Set the text for the password field
2023-04-10 13:40:10,006:INFO:Completed Login
2023-04-10 13:40:10,017:INFO:Navigated to the Product Button
2023-04-10 13:40:15,098:INFO:Clicked the Product Page Button
2023-04-10 13:40:15,102:INFO:Navigating the Product Page
2023-04-10 13:40:15,259:INFO:Filled the Search Form with the Term: tshirts
2023-04-10 13:40:19,006:INFO:Clicked the Search Button
2023-04-10 13:40:19,019:INFO:Navigate to the Single Products Section
2023-04-10 13:40:19,292:INFO:Added item with product ID: 2 to the Cart
2023-04-10 13:40:20,078:INFO:Clicked the Continued Shopping Button
2023-04-10 13:40:20,363:INFO:Added item with product ID: 28 to the Cart
2023-04-10 13:40:21,196:INFO:Clicked the Continued Shopping Button
2023-04-10 13:40:21,200:INFO:Navigate to the Cart Button
2023-04-10 13:40:22,205:INFO:Clicked the Cart Button
2023-04-10 13:40:22,218:INFO:Navigating the Cart Page
2023-04-10 13:40:22,218:INFO:Delete item with Product ID: 28 from the Cart
2023-04-10 13:40:22,450:INFO:Successfully deleted product with Product ID: 28 from the Cart
2023-04-10 13:40:22,450:INFO:Navigate to the Checkout Button
2023-04-10 13:40:23,439:INFO:Clicked the Place Order Button
2023-04-10 13:40:23,443:INFO:Navigate to the Order Button
2023-04-10 13:40:23,899:INFO:Click the Place Order Button
2023-04-10 13:40:23,899:INFO:Navigating the Payment Page
2023-04-10 13:40:23,899:INFO:Fill Payment Details
2023-04-10 13:40:23,999:INFO:Filled the Name Field with the Term: John Doe
2023-04-10 13:40:24,077:INFO:Filled the Number Field with the Term: 1234123412341234
2023-04-10 13:40:24,142:INFO:Filled the CVC Field with the Term: 123
2023-04-10 13:40:24,207:INFO:Filled the Expiry Month Field with the Term: 10
2023-04-10 13:40:24,284:INFO:Filled the Expiry Year Field with the Term: 2025
2023-04-10 13:40:26,403:INFO:Successfully Confirmed Purchase
2023-04-10 13:40:26,406:INFO:Navigating the Invoice Page
2023-04-10 13:40:31,717:INFO:Clicked the Download Invoice Button
2023-04-10 13:40:31,717:INFO:Download the Invoice
2023-04-10 13:40:34,856:INFO:Close the WebDriver
2023-04-10 13:40:34,856:INFO:Completed the Automation Successfully
